// Jest Snapshot v1, https://goo.gl/fbAQLP

exports[`About should render without throwing an error 1`] = `
<div>
  <About__Styled>
    Lorem ipsum dolor sit amet
  </About__Styled>
</div>
`;
